// Jest Snapshot v1, https://goo.gl/fbAQLP

exports[`<AvailabilityContainer children error /> 1`] = `null`;

exports[`<AvailabilityContainer children required /> 1`] = `null`;

exports[`<AvailabilityContainer/> 1`] = `
<div>
  Commerce Layer
</div>
`;
