// Jest Snapshot v1, https://goo.gl/fbAQLP

exports[`<CheckoutLink with custom children /> 1`] = `
<span>
  My checkout
</span>
`;

exports[`<CheckoutLink with props /> 1`] = `
<a>
  Checkout
</a>
`;

exports[`<CheckoutLink/> 1`] = `
<a>
  Checkout
</a>
`;
