// Jest Snapshot v1, https://goo.gl/fbAQLP

exports[`<CommerceLayer children error /> 1`] = `<span />`;

exports[`<CommerceLayer children required /> 1`] = `null`;

exports[`<CommerceLayer/> 1`] = `
<div>
  Commerce Layer
</div>
`;
