// Jest Snapshot v1, https://goo.gl/fbAQLP

exports[`<DiscountAmount children rendered /> 1`] = `
<span>
  
</span>
`;

exports[`<DiscountAmount with custom children /> 1`] = `<span />`;

exports[`<DiscountAmount/> 1`] = `
<span>
  
</span>
`;
