// Jest Snapshot v1, https://goo.gl/fbAQLP

exports[`<ExternalFunction check type required /> 1`] = `null`;

exports[`<ExternalFunction permitted children error /> 1`] = `null`;

exports[`<ExternalFunction/> 1`] = `
<div>
  children
</div>
`;
