// Jest Snapshot v1, https://goo.gl/fbAQLP

exports[`<LineItemsCount check children format /> 1`] = `
<span>
  0
</span>
`;

exports[`<LineItemsCount with custom children /> 1`] = `<span />`;

exports[`<LineItemsCount/> 1`] = `
<span>
  0
</span>
`;
