// Jest Snapshot v1, https://goo.gl/fbAQLP

exports[`<LineItemsContainer check children /> 1`] = `null`;

exports[`<LineItemsContainer proptypes required /> 1`] = `null`;

exports[`<LineItemsContainer/> 1`] = `
<div>
  test
</div>
`;
