// Jest Snapshot v1, https://goo.gl/fbAQLP

exports[`<LineItemName with custom children /> 1`] = `<span />`;

exports[`<LineItemName/> 1`] = `<p />`;
