// Jest Snapshot v1, https://goo.gl/fbAQLP

exports[`<LineItemAmount check children format /> 1`] = `
<span>
  
</span>
`;

exports[`<LineItemAmount with custom children /> 1`] = `<span />`;

exports[`<LineItemAmount/> 1`] = `
<span>
  
</span>
`;
