// Jest Snapshot v1, https://goo.gl/fbAQLP

exports[`<OrderContainer check children /> 1`] = `null`;

exports[`<OrderContainer proptypes required /> 1`] = `null`;

exports[`<OrderContainer/> 1`] = `
<div>
  test
</div>
`;
