// Jest Snapshot v1, https://goo.gl/fbAQLP

exports[`<PricesContainer check children /> 1`] = `
<a>
  Checkout
</a>
`;

exports[`<PricesContainer/> 1`] = `
<div>
  test
</div>
`;
