// Jest Snapshot v1, https://goo.gl/fbAQLP

exports[`<PriceTemplate check children format /> 1`] = `
<span>
  
</span>
`;

exports[`<PriceTemplate/> 1`] = `
<span>
  
</span>
`;
