// Jest Snapshot v1, https://goo.gl/fbAQLP

exports[`<ShippingAmount children rendered /> 1`] = `
<span>
  
</span>
`;

exports[`<ShippingAmount with custom children /> 1`] = `<span />`;

exports[`<ShippingAmount/> 1`] = `
<span>
  
</span>
`;
