// Jest Snapshot v1, https://goo.gl/fbAQLP

exports[`<SkuOptionsContainer check children /> 1`] = `
<a>
  Checkout
</a>
`;

exports[`<SkuOptionsContainer/> 1`] = `
<div>
  test
</div>
`;
