// Jest Snapshot v1, https://goo.gl/fbAQLP

exports[`<SubTotalAmount children rendered /> 1`] = `
<span>
  
</span>
`;

exports[`<SubTotalAmount with custom children /> 1`] = `<span />`;

exports[`<SubTotalAmount/> 1`] = `
<span>
  
</span>
`;
