// Jest Snapshot v1, https://goo.gl/fbAQLP

exports[`<TaxesAmount children rendered /> 1`] = `
<span>
  
</span>
`;

exports[`<TaxesAmount with custom children /> 1`] = `<span />`;

exports[`<TaxesAmount/> 1`] = `
<span>
  
</span>
`;
