// Jest Snapshot v1, https://goo.gl/fbAQLP

exports[`<VariantTemplate/> 1`] = `null`;
