// Jest Snapshot v1, https://goo.gl/fbAQLP

exports[`<VariantsContainer check children /> 1`] = `
<a>
  Checkout
</a>
`;

exports[`<VariantsContainer/> 1`] = `
<div>
  test
</div>
`;
