// Jest Snapshot v1, https://goo.gl/fbAQLP

exports[`<VariantSelector check children /> 1`] = `
<select
  onChange={[Function]}
  value=""
>
  <option
    disabled={false}
  >
    Select a variant
  </option>
</select>
`;

exports[`<VariantSelector with custom children /> 1`] = `<span />`;

exports[`<VariantSelector/> 1`] = `
<select
  onChange={[Function]}
  value=""
>
  <option
    disabled={false}
  >
    Select a variant
  </option>
</select>
`;
